BL51 BANKED LINKER/LOCATER V6.22                                                        12/14/2019  19:39:19  PAGE 1


BL51 BANKED LINKER/LOCATER V6.22, INVOKED BY:
D:\KEIL\C51\BIN\BL51.EXE STARTUP.obj, test1.obj TO test1 RAMSIZE (256)


MEMORY MODEL: SMALL


INPUT MODULES INCLUDED:
  STARTUP.obj (?C_STARTUP)
  test1.obj (TEST1)


LINK MAP OF MODULE:  test1 (?C_STARTUP)


            TYPE    BASE      LENGTH    RELOCATION   SEGMENT NAME
            -----------------------------------------------------

            * * * * * * *   D A T A   M E M O R Y   * * * * * * *
            REG     0000H     0008H     ABSOLUTE     "REG BANK 0"
            DATA    0008H     0004H     UNIT         _DATA_GROUP_
            DATA    000CH     0002H     UNIT         ?DT?TEST1
                    000EH     0012H                  *** GAP ***
            BIT     0020H.0   0000H.1   UNIT         _BIT_GROUP_
                    0020H.1   0000H.7                *** GAP ***
            IDATA   0021H     0001H     UNIT         ?STACK

            * * * * * * *   C O D E   M E M O R Y   * * * * * * *
            CODE    0000H     0003H     ABSOLUTE     
            CODE    0003H     006EH     UNIT         ?PR?KEY_SCAN?TEST1
            CODE    0071H     004AH     UNIT         ?PR?T0_DELAY?TEST1
            CODE    00BBH     003EH     UNIT         ?PR?MAIN?TEST1
            CODE    00F9H     003BH     UNIT         ?PR?_SEND_MSG?TEST1
            CODE    0134H     0027H     UNIT         ?PR?_SEND_ONE_BYTE?TEST1
            CODE    015BH     0020H     UNIT         ?CO?TEST1
            CODE    017BH     000CH     UNIT         ?C_C51STARTUP
            CODE    0187H     0007H     UNIT         ?PR?_DELAY?TEST1



OVERLAY MAP OF MODULE:   test1 (?C_STARTUP)


SEGMENT                             BIT_GROUP          DATA_GROUP 
  +--> CALLED SEGMENT            START    LENGTH     START    LENGTH
--------------------------------------------------------------------
?C_C51STARTUP                    -----    -----      -----    -----
  +--> ?PR?MAIN?TEST1

?PR?MAIN?TEST1                   -----    -----      0008H    0002H
  +--> ?PR?KEY_SCAN?TEST1
  +--> ?CO?TEST1
  +--> ?PR?_DELAY?TEST1
  +--> ?PR?_SEND_MSG?TEST1

?PR?KEY_SCAN?TEST1               -----    -----      000AH    0002H
  +--> ?PR?_DELAY?TEST1

BL51 BANKED LINKER/LOCATER V6.22                                                      12/14/2019  19:39:19  PAGE 2


?PR?_SEND_MSG?TEST1              -----    -----      -----    -----
  +--> ?PR?T0_DELAY?TEST1
  +--> ?PR?_SEND_ONE_BYTE?TEST1

?PR?T0_DELAY?TEST1               0020H.0  0000H.1    000AH    0002H

?PR?_SEND_ONE_BYTE?TEST1         -----    -----      -----    -----
  +--> ?PR?T0_DELAY?TEST1



SYMBOL TABLE OF MODULE:  test1 (?C_STARTUP)

  VALUE           TYPE          NAME
  ----------------------------------

  -------         MODULE        ?C_STARTUP
  C:017BH         SEGMENT       ?C_C51STARTUP
  I:0021H         SEGMENT       ?STACK
  C:0000H         PUBLIC        ?C_STARTUP
  D:00E0H         SYMBOL        ACC
  D:00F0H         SYMBOL        B
  D:0083H         SYMBOL        DPH
  D:0082H         SYMBOL        DPL
  N:0000H         SYMBOL        IBPSTACK
  N:0100H         SYMBOL        IBPSTACKTOP
  N:0080H         SYMBOL        IDATALEN
  C:017EH         SYMBOL        IDATALOOP
  N:0000H         SYMBOL        PBPSTACK
  N:0100H         SYMBOL        PBPSTACKTOP
  N:0000H         SYMBOL        PDATALEN
  N:0000H         SYMBOL        PDATASTART
  N:0000H         SYMBOL        PPAGE
  N:0000H         SYMBOL        PPAGEENABLE
  D:00A0H         SYMBOL        PPAGE_SFR
  D:0081H         SYMBOL        SP
  C:017BH         SYMBOL        STARTUP1
  N:0000H         SYMBOL        XBPSTACK
  N:0000H         SYMBOL        XBPSTACKTOP
  N:0000H         SYMBOL        XDATALEN
  N:0000H         SYMBOL        XDATASTART
  C:0000H         LINE#         126
  C:017BH         LINE#         133
  C:017DH         LINE#         134
  C:017EH         LINE#         135
  C:017FH         LINE#         136
  C:0181H         LINE#         185
  C:0184H         LINE#         196
  -------         ENDMOD        ?C_STARTUP

  -------         MODULE        TEST1
  C:0000H         SYMBOL        _ICE_DUMMY_
  D:0090H         PUBLIC        P1
  D:00A0H         PUBLIC        P2
  D:00B0H         PUBLIC        P3
  C:0187H         PUBLIC        _delay
  B:00B0H.0       PUBLIC        IR
BL51 BANKED LINKER/LOCATER V6.22                                                      12/14/2019  19:39:19  PAGE 3


  C:00BBH         PUBLIC        main
  D:0089H         PUBLIC        TMOD
  C:015BH         PUBLIC        smg
  B:0088H.5       PUBLIC        TF0
  D:008CH         PUBLIC        TH0
  D:008AH         PUBLIC        TL0
  C:0003H         PUBLIC        key_scan
  C:00F9H         PUBLIC        _send_msg
  B:0088H.4       PUBLIC        TR0
  C:0134H         PUBLIC        _send_one_byte
  D:000CH         PUBLIC        key_val
  C:0079H         PUBLIC        T0_delay
  -------         PROC          _DELAY
  D:0007H         SYMBOL        ms
  C:0187H         LINE#         15
  C:0187H         LINE#         16
  C:0187H         LINE#         17
  C:018DH         LINE#         18
  -------         ENDPROC       _DELAY
  -------         PROC          KEY_SCAN
  -------         DO            
  D:000AH         SYMBOL        a
  -------         ENDDO         
  C:0003H         LINE#         20
  C:0003H         LINE#         21
  C:0003H         LINE#         22
  C:0008H         LINE#         23
  C:000BH         LINE#         24
  C:0011H         LINE#         25
  C:0011H         LINE#         26
  C:0016H         LINE#         27
  C:001CH         LINE#         28
  C:001CH         LINE#         29
  C:001FH         LINE#         30
  C:002EH         LINE#         31
  C:002EH         LINE#         32
  C:0035H         LINE#         33
  C:003DH         LINE#         34
  C:0043H         LINE#         35
  C:0043H         LINE#         36
  C:0048H         LINE#         37
  C:004BH         LINE#         38
  C:005CH         LINE#         39
  C:005CH         LINE#         40
  C:005DH         LINE#         41
  C:0061H         LINE#         42
  C:0065H         LINE#         43
  C:0070H         LINE#         44
  C:0070H         LINE#         45
  C:0070H         LINE#         47
  C:0070H         LINE#         49
  -------         ENDPROC       KEY_SCAN
  -------         PROC          L?0050
  -------         ENDPROC       L?0050
  -------         PROC          T0_DELAY
  B:0020H.0       SYMBOL        BT
  D:000AH         SYMBOL        x
BL51 BANKED LINKER/LOCATER V6.22                                                      12/14/2019  19:39:19  PAGE 4


  C:0079H         LINE#         51
  C:0079H         LINE#         52
  C:0079H         LINE#         53
  C:007DH         LINE#         54
  C:0080H         LINE#         55
  C:0082H         LINE#         56
  C:0084H         LINE#         57
  C:008CH         LINE#         58
  C:008CH         LINE#         59
  C:008CH         LINE#         60
  C:008EH         LINE#         61
  C:0091H         LINE#         62
  C:0094H         LINE#         63
  C:0096H         LINE#         64
  C:0099H         LINE#         65
  C:009CH         LINE#         66
  C:009FH         LINE#         67
  C:00A2H         LINE#         68
  C:00A5H         LINE#         69
  C:00A8H         LINE#         70
  C:00ABH         LINE#         71
  C:00AEH         LINE#         72
  C:00B1H         LINE#         73
  C:00B4H         LINE#         75
  C:00B6H         LINE#         76
  C:00B8H         LINE#         78
  C:00BAH         LINE#         79
  -------         ENDPROC       T0_DELAY
  -------         PROC          _SEND_ONE_BYTE
  D:0007H         SYMBOL        data1
  -------         DO            
  D:0006H         SYMBOL        i
  -------         ENDDO         
  C:0134H         LINE#         81
  C:0134H         LINE#         82
  C:0134H         LINE#         84
  C:0136H         LINE#         85
  C:0136H         LINE#         86
  C:0139H         LINE#         87
  C:013DH         LINE#         88
  C:0147H         LINE#         90
  C:0152H         LINE#         91
  C:0156H         LINE#         92
  C:015AH         LINE#         93
  -------         ENDPROC       _SEND_ONE_BYTE
  -------         PROC          _SEND_MSG
  D:0005H         SYMBOL        data1
  C:00F9H         LINE#         95
  C:00FBH         LINE#         96
  C:00FBH         LINE#         97
  C:0106H         LINE#         98
  C:0111H         LINE#         100
  C:0116H         LINE#         101
  C:011BH         LINE#         102
  C:0120H         LINE#         103
  C:0126H         LINE#         105
  C:0129H         LINE#         106
BL51 BANKED LINKER/LOCATER V6.22                                                      12/14/2019  19:39:19  PAGE 5


  -------         ENDPROC       _SEND_MSG
  -------         PROC          MAIN
  -------         DO            
  D:0008H         SYMBOL        p_val
  -------         ENDDO         
  C:00BBH         LINE#         111
  C:00BBH         LINE#         112
  C:00BBH         LINE#         115
  C:00BEH         LINE#         118
  C:00BEH         LINE#         119
  C:00BEH         LINE#         120
  C:00C1H         LINE#         121
  C:00C3H         LINE#         122
  C:00CFH         LINE#         123
  C:00CFH         LINE#         125
  C:00D5H         LINE#         126
  C:00EDH         LINE#         127
  C:00F2H         LINE#         128
  C:00F7H         LINE#         129
  C:00F7H         LINE#         133
  -------         ENDPROC       MAIN
  -------         ENDMOD        TEST1

Program Size: data=15.1 xdata=0 code=398
LINK/LOCATE RUN COMPLETE.  0 WARNING(S),  0 ERROR(S)
