BL51 BANKED LINKER/LOCATER V6.22                                                        12/14/2019  20:53:18  PAGE 1


BL51 BANKED LINKER/LOCATER V6.22, INVOKED BY:
D:\KEIL\C51\BIN\BL51.EXE test2.obj TO test2 RAMSIZE (256)


MEMORY MODEL: SMALL


INPUT MODULES INCLUDED:
  test2.obj (TEST2)
  D:\KEIL\C51\LIB\C51S.LIB (?C_STARTUP)


LINK MAP OF MODULE:  test2 (TEST2)


            TYPE    BASE      LENGTH    RELOCATION   SEGMENT NAME
            -----------------------------------------------------

            * * * * * * *   D A T A   M E M O R Y   * * * * * * *
            REG     0000H     0008H     ABSOLUTE     "REG BANK 0"
            DATA    0008H     0008H     UNIT         ?DT?TEST2
            IDATA   0010H     0001H     UNIT         ?STACK

            * * * * * * *   C O D E   M E M O R Y   * * * * * * *
            CODE    0000H     0003H     ABSOLUTE     
            CODE    0003H     0003H     ABSOLUTE     
            CODE    0006H     00C8H     UNIT         ?PR?INT0?TEST2
            CODE    00CEH     00A9H     UNIT         ?PR?DECODE?TEST2
            CODE    0177H     0026H     UNIT         ?PR?FUNCTION_?TEST2
            CODE    019DH     0020H     UNIT         ?CO?TEST2
            CODE    01BDH     000EH     UNIT         ?PR?INIT?TEST2
            CODE    01CBH     000CH     UNIT         ?C_C51STARTUP
            CODE    01D7H     0005H     UNIT         ?PR?MAIN?TEST2



OVERLAY MAP OF MODULE:   test2 (TEST2)


SEGMENT
  +--> CALLED SEGMENT
---------------------
?PR?INT0?TEST2
  +--> ?PR?DECODE?TEST2
  +--> ?CO?TEST2
  +--> ?PR?FUNCTION_?TEST2

*** NEW ROOT ***************************************************

?C_C51STARTUP
  +--> ?PR?MAIN?TEST2

?PR?MAIN?TEST2
  +--> ?PR?INIT?TEST2



SYMBOL TABLE OF MODULE:  test2 (TEST2)
BL51 BANKED LINKER/LOCATER V6.22                                                      12/14/2019  20:53:18  PAGE 2



  VALUE           TYPE          NAME
  ----------------------------------

  -------         MODULE        TEST2
  C:0000H         SYMBOL        _ICE_DUMMY_
  D:0090H         PUBLIC        P1
  D:00A0H         PUBLIC        P2
  D:00B0H         PUBLIC        P3
  B:00A8H.7       PUBLIC        EA
  D:00A8H         PUBLIC        IE
  D:0008H         PUBLIC        HighTime
  D:00B8H         PUBLIC        IP
  B:00B0H.2       PUBLIC        IR
  B:00A0H.1       PUBLIC        beep
  C:01D7H         PUBLIC        main
  C:00CEH         PUBLIC        DeCode
  B:00A0H.2       PUBLIC        motor
  D:0098H         PUBLIC        SCON
  D:0089H         PUBLIC        TMOD
  D:0088H         PUBLIC        TCON
  C:01BDH         PUBLIC        init
  B:00A0H.0       PUBLIC        led
  D:000AH         PUBLIC        LowTime
  C:019DH         PUBLIC        smg
  B:00A8H.1       PUBLIC        ET0
  C:0177H         PUBLIC        function_
  D:008CH         PUBLIC        TH0
  B:00A8H.0       PUBLIC        EX0
  B:0088H.0       PUBLIC        IT0
  D:008AH         PUBLIC        TL0
  B:0088H.4       PUBLIC        TR0
  C:0006H         PUBLIC        Int0
  D:000CH         PUBLIC        a
  D:00C8H         PUBLIC        T2CON
  D:00D0H         PUBLIC        PSW
  -------         PROC          DECODE
  -------         DO            
  D:0005H         SYMBOL        i
  D:0004H         SYMBOL        j
  D:0001H         SYMBOL        temp
  -------         ENDDO         
  C:00CEH         LINE#         15
  C:00CEH         LINE#         16
  C:00CEH         LINE#         20
  C:00D0H         LINE#         21
  C:00D0H         LINE#         22
  C:00D2H         LINE#         23
  C:00D2H         LINE#         24
  C:00D6H         LINE#         25
  C:00D9H         LINE#         26
  C:00DBH         LINE#         27
  C:00DDH         LINE#         28
  C:00E0H         LINE#         30
  C:00E2H         LINE#         31
  C:00F2H         LINE#         32
  C:00F5H         LINE#         33
BL51 BANKED LINKER/LOCATER V6.22                                                      12/14/2019  20:53:18  PAGE 3


  C:00F7H         LINE#         34
  C:00F9H         LINE#         35
  C:00FCH         LINE#         37
  C:00FEH         LINE#         38
  C:010EH         LINE#         39
  C:0124H         LINE#         40
  C:0126H         LINE#         41
  C:013BH         LINE#         42
  C:013EH         LINE#         43
  C:0153H         LINE#         44
  C:0156H         LINE#         45
  C:015FH         LINE#         46
  C:0165H         LINE#         47
  C:016EH         LINE#         48
  C:0175H         LINE#         49
  C:0176H         LINE#         50
  -------         ENDPROC       DECODE
  -------         PROC          INIT
  C:01BDH         LINE#         51
  C:01BDH         LINE#         52
  C:01BDH         LINE#         54
  C:01BFH         LINE#         56
  C:01C1H         LINE#         57
  C:01C3H         LINE#         58
  C:01C6H         LINE#         59
  C:01C8H         LINE#         60
  C:01CAH         LINE#         62
  -------         ENDPROC       INIT
  -------         PROC          FUNCTION_
  C:0177H         LINE#         67
  C:0177H         LINE#         68
  C:0177H         LINE#         69
  C:0184H         LINE#         70
  C:0184H         LINE#         71
  C:0188H         LINE#         72
  C:018FH         LINE#         73
  C:0196H         LINE#         74
  C:019CH         LINE#         75
  C:019CH         LINE#         76
  -------         ENDPROC       FUNCTION_
  -------         PROC          MAIN
  C:01D7H         LINE#         79
  C:01D7H         LINE#         80
  C:01D7H         LINE#         81
  C:01DAH         LINE#         82
  C:01DAH         LINE#         83
  C:01DAH         LINE#         84
  -------         ENDPROC       MAIN
  -------         PROC          INT0
  C:0006H         LINE#         92
  C:0021H         LINE#         94
  C:0023H         LINE#         95
  C:0026H         LINE#         96
  C:0029H         LINE#         97
  C:002BH         LINE#         98
  C:002EH         LINE#         99
  C:0030H         LINE#         100
BL51 BANKED LINKER/LOCATER V6.22                                                      12/14/2019  20:53:18  PAGE 4


  C:0040H         LINE#         101
  C:0069H         LINE#         102
  C:006CH         LINE#         103
  C:006FH         LINE#         104
  C:0071H         LINE#         105
  C:0074H         LINE#         108
  C:0076H         LINE#         109
  C:0086H         LINE#         110
  C:009BH         LINE#         111
  C:009BH         LINE#         112
  C:009EH         LINE#         113
  C:00B0H         LINE#         114
  C:00B3H         LINE#         116
  C:00B3H         LINE#         118
  C:00B5H         LINE#         120
  -------         ENDPROC       INT0
  -------         ENDMOD        TEST2

Program Size: data=17.0 xdata=0 code=476
LINK/LOCATE RUN COMPLETE.  0 WARNING(S),  0 ERROR(S)
